// Jest Snapshot v1, https://goo.gl/fbAQLP

exports[`ExampleHook should match snapshot 1`] = `
<div
  className="hello"
>
  Hello world from hook?
</div>
`;
